../Core/Src/main.c:72:6:HAL_UART_RxCpltCallback	16	static
../Core/Src/main.c:83:5:main	72	static
../Core/Src/main.c:208:6:SystemClock_Config	72	static
../Core/Src/main.c:248:13:MX_TIM2_Init	56	static
../Core/Src/main.c:297:13:MX_TIM3_Init	56	static
../Core/Src/main.c:346:13:MX_TIM4_Init	64	static
../Core/Src/main.c:409:13:MX_USART1_UART_Init	8	static
../Core/Src/main.c:442:13:MX_USART2_UART_Init	8	static
../Core/Src/main.c:473:13:MX_DMA_Init	16	static
../Core/Src/main.c:494:13:MX_GPIO_Init	40	static
../Core/Src/main.c:533:6:HAL_UARTEx_RxEventCallback	16	static
../Core/Src/main.c:581:6:Error_Handler	4	static,ignoring_inline_asm
